// Jest Snapshot v1, https://goo.gl/fbAQLP

exports[`[OtherActivities] should render component without crashing 1`] = `
<div
  className="other-activities"
>
  <h2>
    Andere activiteiten van dit bedrijf
  </h2>
  <div
    className="uk-grid uk-child-width-1-2@s"
  />
  <div
    className="other-activities-action"
  >
    <Button
      fullWidth={true}
      onClick={[Function]}
      title="Bekijk 6 meer activiteiten"
    />
  </div>
</div>
`;
