// Jest Snapshot v1, https://goo.gl/fbAQLP

exports[`[OtherActivities] should render component without crashing 1`] = `
<div
  className="other-activities"
>
  <div
    className="other-activities-head"
  >
    <h2>
      Andere activiteiten van dit bedrijf
    </h2>
  </div>
  <div
    className="uk-grid uk-child-width-1-2@s uk-grid-medium"
    data-uk-margin={true}
  >
    <div
      key="0"
    >
      <EventCardComponent
        image="oasis.jpg"
        link=""
        title="U Deugt Wij Deugen"
      />
    </div>
    <div
      key="1"
    >
      <EventCardComponent
        image="img02.png"
        link=""
        title="The Ultimate Expedition"
      />
    </div>
    <div
      key="2"
    >
      <EventCardComponent
        image="rectangle.png"
        link=""
        title="Het Mislukte Feest"
      />
    </div>
    <div
      key="3"
    >
      <EventCardComponent
        image="img-big.jpg"
        link=""
        title="Hou van Holland Stadsspel"
      />
    </div>
  </div>
  <div
    className="other-activities-action"
  >
    <Button
      href="/"
      title="Bekijk 6 meer activiteiten"
    />
  </div>
</div>
`;
