// Jest Snapshot v1, https://goo.gl/fbAQLP

exports[`[OtherActivities] should render component without crashing 1`] = `
<div
  className="other-activities"
>
  <div
    className="other-activities-head"
  >
    <h2>
      Andere activiteiten van dit bedrijf
    </h2>
  </div>
  <div
    className="uk-grid uk-child-width-1-2@s uk-grid-medium"
    data-uk-margin={true}
  >
    <EventCardComponent
      image="oasis.jpg"
      key="0"
      link=""
      title="U Deugt Wij Deugen"
    />
    <EventCardComponent
      image="img02.png"
      key="1"
      link=""
      title="The Ultimate Expedition"
    />
    <EventCardComponent
      image="rectangle.png"
      key="2"
      link=""
      title="Het Mislukte Feest"
    />
    <EventCardComponent
      image="img-big.jpg"
      key="3"
      link=""
      title="Hou van Holland Stadsspel"
    />
  </div>
  <div
    className="other-activities-action"
  >
    <Button
      href="/"
      title="Bekijk 6 meer activiteiten"
    />
  </div>
</div>
`;
