// Jest Snapshot v1, https://goo.gl/fbAQLP

exports[`[CompanyOutingCard] should render component without crashing 1`] = `
<div
  className="company-outing-card"
>
  <div
    className=" company-outing-card__head uk-visible@s "
  >
    <div
      className="company-outing-card__date"
    />
  </div>
  <div
    className="company-outing-card__image"
  >
    <ImageComponent />
  </div>
  <div
    className="company-outing-card__body"
  >
    <div
      className=" company-outing-card__time uk-hidden@s"
    >
      <span />
    </div>
    <h4 />
    <div
      className=" company-outing-card__content uk-visible@s"
    />
    <div
      className="company-outing-card__bottom"
    />
  </div>
</div>
`;
