// Jest Snapshot v1, https://goo.gl/fbAQLP

exports[`[NewActivity] should render component without crashing 1`] = `
<ModuleSectionComponent
  paddingBottom="72px"
  paddingTop="40px"
  pattern={true}
  title="Nieuwe activiteiten"
>
  <div
    className="new-activity__columns uk-grid uk-child-width-1-2@m "
  >
    <OutingCardComponent
      button={
        Object {
          "title": "Lees meer",
          "url": "/single-wmdb",
        }
      }
      categoriesId={
        Array [
          1,
        ]
      }
      content="Amsterdamse Uitjes: Speel het bekende spel ‘Escape Room’ nu als uniek stadsspel: Escape City. De sport van het aangaan van uitdagingen en opdrachten, het oplossen van raadsels en het ontcijferen van codes…"
      dataIcon="rooms.svg"
      image={
        Array [
          "https://picsum.photos/id/420/600/400",
          "https://picsum.photos/id/421/600/400",
          "https://picsum.photos/id/418/600/400",
          "https://picsum.photos/id/360/600/400",
        ]
      }
      key="0"
      maximumPersons={100}
      minimumPersons={10}
      modify="small"
      subtitle="Citygames in Egmond aan Zee"
      title="Escape City - Het ontsnappingsspel van Mokum #1"
    />
    <OutingCardComponent
      button={
        Object {
          "title": "Lees meer",
          "url": "/single-wmdb",
        }
      }
      categoriesId={
        Array [
          2,
        ]
      }
      content="TB Events: Met een flinke kater: verloren spullen, lippenstift op vreemde plaatsen, blauwe plekken... Net als  zelf real time...KEYWORD"
      dataIcon="rooms.svg"
      image={
        Array [
          "https://picsum.photos/id/115/300/200",
          "https://picsum.photos/id/116/300/200",
          "https://picsum.photos/id/117/300/200",
          "https://picsum.photos/id/118/300/200",
        ]
      }
      key="1"
      maximumPersons={100}
      minimumPersons={20}
      modify="small"
      subtitle="Citygames in Vijfhuizen"
      title="The Hangover #2x"
    />
  </div>
</ModuleSectionComponent>
`;
