// Jest Snapshot v1, https://goo.gl/fbAQLP

exports[`[Activities] should render component without crashing 1`] = `
<div
  className="activities"
>
  <h1>
    Bekijk ook andere activiteiten!
  </h1>
  <div
    key="0"
    style={
      Object {
        "height": "58px",
      }
    }
  >
    <ActivityCardComponent
      color="#b0cf6d"
      icon="eten.svg"
      key="0"
      title="Eten, Drinken & Feesten"
      total={500}
    />
  </div>
  <div
    key="1"
    style={
      Object {
        "height": "58px",
      }
    }
  >
    <ActivityCardComponent
      color="#71abde"
      icon="teambuilding.svg"
      key="1"
      title="Teambuilden"
      total={500}
    />
  </div>
  <div
    key="2"
    style={
      Object {
        "height": "58px",
      }
    }
  >
    <ActivityCardComponent
      color="#f8b272"
      icon="incentive.svg"
      key="2"
      title="Incentives"
      total={500}
    />
  </div>
  <div
    key="3"
    style={
      Object {
        "height": "58px",
      }
    }
  >
    <ActivityCardComponent
      color="#ef7478"
      icon="spel.svg"
      key="3"
      title="Spel & Ontspanning"
      total={500}
    />
  </div>
  <div
    key="4"
    style={
      Object {
        "height": "58px",
      }
    }
  >
    <ActivityCardComponent
      color="#d6b6d8"
      icon="sportief.svg"
      key="4"
      title="Sportief & Actie(f)"
      total={500}
    />
  </div>
  <div
    key="5"
    style={
      Object {
        "height": "58px",
      }
    }
  >
    <ActivityCardComponent
      color="#75c5c3"
      icon="creatief.svg"
      key="5"
      title="Creatieve Uitjes"
      total={500}
    />
  </div>
  <div
    key="6"
    style={
      Object {
        "height": "58px",
      }
    }
  >
    <ActivityCardComponent
      color="#ffdf7a"
      icon="incentive.svg"
      key="6"
      title="Workshops"
      total={500}
    />
  </div>
</div>
`;
