// Jest Snapshot v1, https://goo.gl/fbAQLP

exports[`[CategoryOverview] should render component without crashing 1`] = `
<ModuleSectionComponent
  backgroundColor="#e8f2fc"
  paddingBottom="72px"
  paddingTop="72px"
>
  <div
    className="category-overview"
  >
    <div
      className="uk-container"
    >
      <h2
        className="category-overview__title"
      >
        Kies direct een categorie om het aanbod te bekijken!
      </h2>
      <div
        className="category-overview__posts uk-grid uk-child-width-1-2@s uk-child-width-1-3@m"
      >
        <div
          key="0"
        >
          <CategoryCard
            count={500}
            icon="spel.svg"
            image="https://picsum.photos/id/1/600/400"
            link="/single-wmdb"
            title="Eten, Drinken & Feesten"
          />
        </div>
        <div
          key="1"
        >
          <CategoryCard
            count={430}
            icon="spel.svg"
            image="https://picsum.photos/id/20/600/400"
            link="/single-wmdb"
            title="Teambuilden"
          />
        </div>
        <div
          key="2"
        >
          <CategoryCard
            count={430}
            icon="spel.svg"
            image="https://picsum.photos/id/30/600/400"
            link="/single-wmdb"
            title="Incentives"
          />
        </div>
        <div
          key="3"
        >
          <CategoryCard
            count={430}
            icon="spel.svg"
            image="https://picsum.photos/id/40/600/400"
            link="/single-wmdb"
            title="Spel & Ontspanning"
          />
        </div>
        <div
          key="4"
        >
          <CategoryCard
            count={430}
            icon="spel.svg"
            image="https://picsum.photos/id/50/600/400"
            link="/single-wmdb"
            title="Sportief & Actie(f)"
          />
        </div>
        <div
          key="5"
        >
          <CategoryCard
            count={20}
            icon="spel.svg"
            image="https://picsum.photos/id/60/600/400"
            link="/single-wmdb"
            title="Creative Uitjes"
          />
        </div>
        <div
          key="6"
        >
          <CategoryCard
            image="https://picsum.photos/id/70/600/400"
            link="/single-wmdb"
            title="Workshops"
          />
        </div>
        <div
          key="7"
        >
          <CategoryCard
            image="https://picsum.photos/id/80/600/400"
            link="/single-wmdb"
            title="Helpdesk"
          />
        </div>
        <div
          key="8"
        >
          <CategoryCard
            image="https://picsum.photos/id/90/600/400"
            link="/single-wmdb"
            title="Niewsbrief"
          />
        </div>
      </div>
    </div>
  </div>
</ModuleSectionComponent>
`;
