// Jest Snapshot v1, https://goo.gl/fbAQLP

exports[`[AdvertiserWMDB] should render component without crashing 1`] = `
<ModuleSectionComponent
  paddingBottom="72px"
  paddingBottomMobile="32px"
  paddingTop="72px"
  paddingTopMobile="32px"
  pattern={true}
>
  <div
    className="uk-grid uk-child-width-1-2@s uk-grid-xlarge"
  >
    <div
      className="advertiser-wmdb"
    >
      <h2>
        Waarom bij ons adverteren
      </h2>
      <BodyTextComponent
        html="<span>Door Wegmetdebaas.nl als marketingkanaal aan te spreken vergroot u de regio waarin uw klanten zich bevinden. </span>
  <ul className=\\"uk-list-check\\">
<li>Groot bereik onder vele bedrijven</li>
<p>Via onze hoge posities bij Google en groot bereik via onze nieuwsbrief Gooves en via Facebook</p>
<li>Uitgebreide presentatie mogelijkheid</li>
<p>Uw teksten, foto’s en filmpjes perfect online gespresenteerd, ook op tablet en mobiel</p>
<li>Beheer zelf de inhoud van uw advertentie</li>
<p>Altijd mogelijk om zelf teksten en foto’s aan te passen</p>
<li>3 Maandelijkse rapportage</li>
<p>Uitgebreide rapportage van uw marketingactie(s)</p>
</ul> "
        style={
          Object {
            "color": "#101010",
          }
        }
      />
      <br />
    </div>
    <div
      className="advertiser-wmdb-form"
    >
      <h2>
        Graag ontvang ik meer informatie over adverteren op WegmetdeBaas.nl
      </h2>
      <WithFormik(InnerForm)
        onSubmit={[Function]}
      />
    </div>
  </div>
</ModuleSectionComponent>
`;
