// Jest Snapshot v1, https://goo.gl/fbAQLP

exports[`[NotFound] should render component without crashing 1`] = `
<div
  className="not-found"
>
  <div
    className=" not-found__container uk-container"
  >
    <div
      className="not-found__icon"
    >
      <IconComponent
        fillColor="white"
        height="376px"
        icon="WMDB2.svg"
        width="182px"
      />
    </div>
    <div
      className="not-found__content"
    >
      <h2>
        Oeps!
      </h2>
      <span>
        Pagina niet gevonden. We helpen je graag de weg weer terug te vinden.
      </span>
      <div
        className="not-found__content__button"
      >
        <Button
          href="/"
          title="WMDB homepage"
        />
      </div>
    </div>
  </div>
</div>
`;
