// Jest Snapshot v1, https://goo.gl/fbAQLP

exports[`[PlaygroundComponent] should render without crashing 1`] = `
<div
  className=""
>
  <HeaderGalleryComponent
    images={
      Array [
        "oasis.jpg",
        "img02.png",
        "oasis.jpg",
        "img-big.jpg",
        "img-grid.png",
        "rectangle.png",
      ]
    }
  />
</div>
`;
