// Jest Snapshot v1, https://goo.gl/fbAQLP

exports[`[PlaygroundComponent] should render without crashing 1`] = `
<div
  className="uk-container"
>
  <OutingCardComponent
    button={
      Object {
        "href": "#",
        "title": "Lees meer",
      }
    }
    content="Amsterdamse Uitjes: Speel het bekende spel ‘Escape Room’ nu als uniek stadsspel: Escape City. De sport van het aangaan van uitdagingen en opdrachten, het oplossen van raadsels en het ontcijferen van codes…"
    data={
      Object {
        "icon": "rooms.svg",
        "label": "10 - 1000 personen",
      }
    }
    image={
      Array [
        "img01.png",
        "img02.png",
        "img01.png",
        "img02.png",
      ]
    }
    subtitle="Citygames in Amsterdam"
    title="Escape City - Het ontsnappingsspel van Mokum"
  />
  <CardPost
    button={
      Object {
        "href": "#",
        "title": "Lees meer",
      }
    }
    content="Amsterdamse Uitjes: Speel het bekende spel ‘Escape Room’ nu als uniek stadsspel: Escape City. De sport van het aangaan van uitdagingen en opdrachten, het oplossen van raadsels en het ontcijferen van codes…"
    data={
      Object {
        "icon": "rooms.svg",
        "label": "10 - 1000 personen",
      }
    }
    image={
      Array [
        "img01.png",
        "img02.png",
        "img01.png",
        "img02.png",
      ]
    }
    subtitle="Citygames in Amsterdam"
    title="Escape City - Het ontsnappingsspel van Mokum"
  />
</div>
`;
