// Jest Snapshot v1, https://goo.gl/fbAQLP

exports[`[Organizations] should render component without crashing 1`] = `
<ModuleSectionComponent
  paddingBottom="40px"
  paddingTop="40px"
  paddingTopMobile="32px"
>
  <div
    className="organizations"
    key="0"
  >
    <h5>
      <LinkComponent
        to="/overzicht"
      >
        Art of Events Productions
         
      </LinkComponent>
    </h5>
    <ul
      className="organizations__list"
    >
      <li
        key="0"
      >
        <LinkComponent
          to="/adverteren"
        >
          U Deugt Wij Deugen
        </LinkComponent>
      </li>
      <li
        key="1"
      >
        <LinkComponent
          to="/adverteren"
        >
          The Ultimate Expedition
        </LinkComponent>
      </li>
      <li
        key="2"
      >
        <LinkComponent
          to="/adverteren"
        >
          Het Mislukte Feest
        </LinkComponent>
      </li>
      <li
        key="3"
      >
        <LinkComponent
          to="/adverteren"
        >
          Wie zijn de Mollen?
        </LinkComponent>
      </li>
      <li
        key="4"
      >
        <LinkComponent
          to="/adverteren"
        >
          Bosgolf
        </LinkComponent>
      </li>
    </ul>
  </div>
  <div
    className="organizations"
    key="1"
  >
    <h5>
      <LinkComponent
        to="/overzicht"
      >
        Astron37
         
      </LinkComponent>
    </h5>
    <ul
      className="organizations__list"
    >
      <li
        key="0"
      >
        <LinkComponent
          to="/adverteren"
        >
          Urban Walkabout; ... haal jij de 5?
        </LinkComponent>
      </li>
      <li
        key="1"
      >
        <LinkComponent
          to="/adverteren"
        >
          Een tactisch teamspel met een hoge fun-factor
        </LinkComponent>
      </li>
      <li
        key="2"
      >
        <LinkComponent
          to="/adverteren"
        >
          Toss & Throw (in- & outdoor)
        </LinkComponent>
      </li>
      <li
        key="3"
      >
        <LinkComponent
          to="/adverteren"
        >
          Survive the Never Never (in- & outdoor)
        </LinkComponent>
      </li>
      <li
        key="4"
      >
        <LinkComponent
          to="/adverteren"
        >
          Uitdagende game met een hoge fun-factor
        </LinkComponent>
      </li>
      <li
        key="5"
      >
        <LinkComponent
          to="/adverteren"
        >
          Spannende games voor iedereen (in- & outdoor)
        </LinkComponent>
      </li>
      <li
        key="6"
      >
        <LinkComponent
          to="/adverteren"
        >
          Pioneers Quest (in- & outdoor)
        </LinkComponent>
      </li>
      <li
        key="7"
      >
        <LinkComponent
          to="/adverteren"
        >
          Down Under Culture (in- & outdoor)
        </LinkComponent>
      </li>
      <li
        key="8"
      >
        <LinkComponent
          to="/adverteren"
        >
          Down Under Winter Games
        </LinkComponent>
      </li>
    </ul>
  </div>
  <div
    className="organizations"
    key="2"
  >
    <h5>
      <LinkComponent
        to="/overzicht"
      >
        Toon vertier
         
      </LinkComponent>
    </h5>
    <ul
      className="organizations__list"
    >
      <li
        key="0"
      >
        <LinkComponent
          to="/adverteren"
        >
          Dagje Terug in de Tijd
        </LinkComponent>
      </li>
      <li
        key="1"
      >
        <LinkComponent
          to="/adverteren"
        >
          Dagje uit- Verassingsdag
        </LinkComponent>
      </li>
      <li
        key="2"
      >
        <LinkComponent
          to="/adverteren"
        >
          Dagje Tukkend Touren
        </LinkComponent>
      </li>
      <li
        key="3"
      >
        <LinkComponent
          to="/adverteren"
        >
          Casino Speelavond All-in
        </LinkComponent>
      </li>
      <li
        key="4"
      >
        <LinkComponent
          to="/adverteren"
        >
          Sensationele fotopuzzeltocht
        </LinkComponent>
      </li>
      <li
        key="5"
      >
        <LinkComponent
          to="/adverteren"
        >
          Dagje Brabant
        </LinkComponent>
      </li>
      <li
        key="6"
      >
        <LinkComponent
          to="/adverteren"
        >
          Wie is de Mol?
        </LinkComponent>
      </li>
      <li
        key="7"
      >
        <LinkComponent
          to="/adverteren"
        >
          Cold Case
        </LinkComponent>
      </li>
      <li
        key="8"
      >
        <LinkComponent
          to="/adverteren"
        >
          Tuk Tuk & Meermansfiets Special
        </LinkComponent>
      </li>
      <li
        key="9"
      >
        <LinkComponent
          to="/adverteren"
        >
          Nostalgische Solexdag
        </LinkComponent>
      </li>
      <li
        key="10"
      >
        <LinkComponent
          to="/adverteren"
        >
          Tuk escape
        </LinkComponent>
      </li>
      <li
        key="11"
      >
        <LinkComponent
          to="/adverteren"
        >
          Bosescape
        </LinkComponent>
      </li>
      <li
        key="12"
      >
        <LinkComponent
          to="/adverteren"
        >
          Diner game
        </LinkComponent>
      </li>
      <li
        key="13"
      >
        <LinkComponent
          to="/adverteren"
        >
          Bos escape plus
        </LinkComponent>
      </li>
      <li
        key="14"
      >
        <LinkComponent
          to="/adverteren"
        >
          Op de vlucht
        </LinkComponent>
      </li>
      <li
        key="15"
      >
        <LinkComponent
          to="/adverteren"
        >
          Crazy 44
        </LinkComponent>
      </li>
      <li
        key="16"
      >
        <LinkComponent
          to="/adverteren"
        >
          Hunted
        </LinkComponent>
      </li>
      <li
        key="17"
      >
        <LinkComponent
          to="/adverteren"
        >
          Hilarische diner game
        </LinkComponent>
      </li>
      <li
        key="18"
      >
        <LinkComponent
          to="/adverteren"
        >
          Spetterende spellentocht
        </LinkComponent>
      </li>
    </ul>
  </div>
</ModuleSectionComponent>
`;
