// Jest Snapshot v1, https://goo.gl/fbAQLP

exports[`[OverviewFilter] should render component without crashing 1`] = `
<div
  className="overview-filter-wrapper"
>
  <button
    className="button-search uk-hidden@m"
    onClick={[Function]}
  >
    <div>
      <IconComponent
        icon="search.svg"
        size="15px"
      />
      <span>
        Plaats, regio of provincie
      </span>
    </div>
    <div
      className="button-search-count"
    >
      <span>
        0
      </span>
    </div>
  </button>
  <div
    className="overview-filter false"
  >
    <div
      className="overview-filter__header"
    >
      <h2>
        Filters
      </h2>
      <Input
        icon="search.svg"
        name="search"
        onChange={[Function]}
        placeholder="Plaats, regio of provincie"
        value=""
      />
    </div>
    <br />
    <div
      className="overview-filter__item"
      key="0"
    >
      <h5>
        Spel & Ontspanning
      </h5>
      <Checkbox
        id={0}
        key="0"
        label="Citygames"
        name={1}
        onChange={[Function]}
        value="Citygames"
      />
      <Checkbox
        id={0}
        key="1"
        label="Beachgames"
        name={2}
        onChange={[Function]}
        value="Beachgames"
      />
      <Checkbox
        id={0}
        key="2"
        label="Indoor Spel en Ontspanning"
        name={3}
        onChange={[Function]}
        value="Indoor Spel en Ontspanning"
      />
      <Checkbox
        id={0}
        key="3"
        label="Outdoor Spel en Ontspanning"
        name={4}
        onChange={[Function]}
        value="Outdoor Spel en Ontspanning"
      />
    </div>
    <div
      className="overview-filter__item"
      key="1"
    >
      <h5>
        Sportief & Actie(f)
      </h5>
      <Checkbox
        id={1}
        key="0"
        label="Fun op Wielen"
        name={5}
        onChange={[Function]}
        value="Fun op Wielen"
      />
      <Checkbox
        id={1}
        key="1"
        label="Outdoor Lucht"
        name={6}
        onChange={[Function]}
        value="Outdoor Lucht"
      />
      <Checkbox
        id={1}
        key="2"
        label="Outdoor Water"
        name={7}
        onChange={[Function]}
        value="Outdoor Water"
      />
      <Checkbox
        id={1}
        key="3"
        label="Indoor Sport en Actie"
        name={8}
        onChange={[Function]}
        value="Indoor Sport en Actie"
      />
      <Checkbox
        id={1}
        key="4"
        label="Outdoor Sport en Actie"
        name={26}
        onChange={[Function]}
        value="Outdoor Sport en Actie"
      />
    </div>
    <div
      className="overview-filter__item"
      key="2"
    >
      <h5>
        Creatieve Uitjes
      </h5>
      <Checkbox
        id={2}
        key="0"
        label="Creatief"
        name={9}
        onChange={[Function]}
        value="Creatief"
      />
      <Checkbox
        id={2}
        key="1"
        label="Theater"
        name={10}
        onChange={[Function]}
        value="Theater"
      />
      <Checkbox
        id={2}
        key="2"
        label="Muziek en Dans"
        name={11}
        onChange={[Function]}
        value="Muziek en Dans"
      />
    </div>
    <div
      className="overview-filter__item"
      key="3"
    >
      <h5>
        Workshops
      </h5>
      <Checkbox
        id={3}
        key="0"
        label="Kookworkshops"
        name={12}
        onChange={[Function]}
        value="Kookworkshops"
      />
      <Checkbox
        id={3}
        key="1"
        label="Kunst en Cultuur"
        name={13}
        onChange={[Function]}
        value="Kunst en Cultuur"
      />
      <Checkbox
        id={3}
        key="2"
        label="Body en Spirit"
        name={14}
        onChange={[Function]}
        value="Body en Spirit"
      />
    </div>
    <div
      className="overview-filter__item"
      key="4"
    >
      <h5>
        Eten, Drinken & Feesten
      </h5>
      <Checkbox
        id={4}
        key="0"
        label="Eten en drinken"
        name={15}
        onChange={[Function]}
        value="Eten en drinken"
      />
      <Checkbox
        id={4}
        key="1"
        label="Themafeesten"
        name={16}
        onChange={[Function]}
        value="Themafeesten"
      />
      <Checkbox
        id={4}
        key="2"
        label="Totaalprogramma"
        name={17}
        onChange={[Function]}
        value="Totaalprogramma"
      />
      <Checkbox
        id={4}
        key="3"
        label="Attracties en Entertainment"
        name={18}
        onChange={[Function]}
        value="Attracties en Entertainment"
      />
    </div>
    <div
      className="overview-filter__item"
      key="5"
    >
      <h5>
        Teambuilden
      </h5>
      <Checkbox
        id={5}
        key="0"
        label="Teamtraining"
        name={19}
        onChange={[Function]}
        value="Teamtraining"
      />
      <Checkbox
        id={5}
        key="1"
        label="Teambuilding"
        name={20}
        onChange={[Function]}
        value="Teambuilding"
      />
      <Checkbox
        id={5}
        key="2"
        label="Uit Vergaderen"
        name={21}
        onChange={[Function]}
        value="Uit Vergaderen"
      />
    </div>
    <div
      className="overview-filter__item"
      key="6"
    >
      <h5>
        Incentives
      </h5>
      <Checkbox
        id={6}
        key="0"
        label="Wintersport"
        name={22}
        onChange={[Function]}
        value="Wintersport"
      />
      <Checkbox
        id={6}
        key="1"
        label="Stedentrips"
        name={23}
        onChange={[Function]}
        value="Stedentrips"
      />
      <Checkbox
        id={6}
        key="2"
        label="Adventure & Outdoor"
        name={24}
        onChange={[Function]}
        value="Adventure & Outdoor"
      />
      <Checkbox
        id={6}
        key="3"
        label="Reizen Buitenland"
        name={25}
        onChange={[Function]}
        value="Reizen Buitenland"
      />
    </div>
    <div
      className="overview-filter__item uk-visible@m"
    >
      <h5>
        Zoekwoord
      </h5>
      <Input
        name="zoekwoord"
        onChangeText={[Function]}
        placeholder="Zoekwoord"
        value=""
      />
    </div>
    <div
      className="overview-filter__item"
    >
      <h5>
        Personen 
      </h5>
      <div
        className="input-range__wrapper"
      >
        <InputRange
          allowSameValues={false}
          classNames={
            Object {
              "activeTrack": "input-range__track input-range__track--active",
              "disabledInputRange": "input-range input-range--disabled",
              "inputRange": "input-range",
              "labelContainer": "input-range__label-container",
              "maxLabel": "input-range__label input-range__label--max",
              "minLabel": "input-range__label input-range__label--min",
              "slider": "input-range__slider",
              "sliderContainer": "input-range__slider-container",
              "track": "input-range__track input-range__track--background",
              "valueLabel": "input-range__label input-range__label--value",
            }
          }
          disabled={false}
          maxValue={100}
          minValue={0}
          onChange={[Function]}
          onChangeComplete={[Function]}
          step={1}
          value={null}
        />
        <div
          className="input-range__items"
        >
          <span>
            0
          </span>
          <span>
            100
            +
          </span>
        </div>
      </div>
    </div>
    <div
      className="overview-filter__footer uk-hidden@m"
    >
      <Button
        fullWidth={true}
        onClick={[Function]}
        title="Toon uitjes"
        variant="primary"
      />
    </div>
  </div>
</div>
`;
