// Jest Snapshot v1, https://goo.gl/fbAQLP

exports[`[PlaygroundPedroComponent] should render without crashing 1`] = `
<div
  className="main"
>
  <HeroComponent
    heroModule={
      Object {
        "buttonTitle": "Toon 500 uijtes",
        "dropdownCompanyItems": Array [
          Object {
            "text": "Item #1",
            "value": 1,
          },
          Object {
            "text": "Item #2",
            "value": 2,
          },
          Object {
            "text": "Item #3",
            "value": 3,
          },
        ],
        "dropdownCompanyPlaceholder": "Kies een bedrijfsuitje categorie",
        "image": "img01.png",
        "keywordPlaceholder": "Zoekwoord",
        "numberPersonsPlaceholder": "Aantal personen",
        "provincePlaceholder": "Provincie of Plaats",
        "title": "Wat gaan we dít jaar doen?! Vergelijk online gemakkelijk álle bedrijfsuitjes van Nederland",
      }
    }
    onSubmit={[Function]}
  />
  <CategoryOverviewComponent
    categoryOverviewModule={
      Object {
        "backgroundColor": "#e8f2fc",
        "items": Array [
          Object {
            "count": 200,
            "icon": "spel.svg",
            "image": "img02.png",
            "link": "/",
            "title": "Musea",
          },
          Object {
            "count": 200,
            "icon": "spel.svg",
            "image": "img02.png",
            "link": "/",
            "title": "Musea",
          },
          Object {
            "count": 200,
            "icon": "spel.svg",
            "image": "img02.png",
            "link": "/",
            "title": "Musea",
          },
          Object {
            "count": 200,
            "icon": "spel.svg",
            "image": "img02.png",
            "link": "/",
            "title": "Musea",
          },
          Object {
            "count": 200,
            "icon": "spel.svg",
            "image": "img02.png",
            "link": "/",
            "title": "Musea",
          },
          Object {
            "count": 20,
            "icon": "spel.svg",
            "image": "img02.png",
            "link": "/",
            "title": "Musea",
          },
          Object {
            "image": "img02.png",
            "link": "/",
            "title": "Musea",
          },
          Object {
            "image": "img02.png",
            "link": "/",
            "title": "Musea",
          },
          Object {
            "image": "img02.png",
            "link": "/",
            "title": "Musea",
          },
        ],
        "paddingBottom": "72px",
        "paddingTop": "72px",
        "title": "Kies direct een categorie om het aanbod te bekijken!",
      }
    }
  />
  <div
    className="uk-grid"
  >
    <div
      className="uk-width-1-4@m"
      style={
        Object {
          "background": "white",
          "padding": 24,
        }
      }
    >
      <OverviewFilterComponent
        checkboxOnChange={[Function]}
        filterItems={
          Array [
            Object {
              "checkboxes": Array [
                Object {
                  "label": "Citygames",
                  "name": "citygames",
                },
                Object {
                  "label": "Beachgames",
                  "name": "Beachgames",
                },
                Object {
                  "label": "Indoor Spel en Ontspanning",
                  "name": "IndoorSpelenOntspanning",
                },
                Object {
                  "label": "Outdoor Spel en Ontspanning",
                  "name": "Outdoor Spel en Ontspanning",
                },
              ],
              "title": "Spen & Ontspanning",
            },
            Object {
              "checkboxes": Array [
                Object {
                  "label": "Fun op Wielen",
                  "name": "Funopwielen",
                },
                Object {
                  "label": "Outdoor Lucht",
                  "name": "Outdoor Lucht",
                },
                Object {
                  "label": "Outdoor Water",
                  "name": "outdoorwater",
                },
                Object {
                  "label": "Indoor Sport en Actie",
                  "name": "indorsportenactie",
                },
              ],
              "title": "Sportief & Actie(f)",
            },
            Object {
              "checkboxes": Array [
                Object {
                  "label": "Creatief",
                  "name": "creatief",
                },
                Object {
                  "label": "Theater",
                  "name": "theater",
                },
                Object {
                  "label": "Muziek en Daans",
                  "name": "muziekendaans",
                },
              ],
              "title": "Creatieve Uitjes",
            },
            Object {
              "checkboxes": Array [
                Object {
                  "label": "Kookworkshops",
                  "name": "kookworkshops",
                },
                Object {
                  "label": "Kunst en Cultuur",
                  "name": "kunstencultuur",
                },
                Object {
                  "label": "Body en Spirit",
                  "name": "bodyenspirit",
                },
              ],
              "title": "Workshops",
            },
            Object {
              "checkboxes": Array [
                Object {
                  "label": "Eten en drinken",
                  "name": "etenendrinken",
                },
                Object {
                  "label": "Themafeesten",
                  "name": "Themafeesten",
                },
                Object {
                  "label": "Totaalprogramma",
                  "name": "totaalprogramma",
                },
                Object {
                  "label": "Attracties en Entertainment",
                  "name": "Attractiesenentertainment",
                },
              ],
              "title": "Eten, Drinken & Feesten",
            },
            Object {
              "checkboxes": Array [
                Object {
                  "label": "Teamtraining",
                  "name": "Teamtraining",
                },
                Object {
                  "label": "Teambuilding",
                  "name": "Teambuilding",
                },
                Object {
                  "label": "Uit Vergaderen",
                  "name": "Uit Vergaderen",
                },
              ],
              "title": "Teambuilden",
            },
            Object {
              "checkboxes": Array [
                Object {
                  "label": "Wintersport",
                  "name": "wintersport",
                },
                Object {
                  "label": "Stedentrips",
                  "name": "stedentrips",
                },
                Object {
                  "label": "Adventure & Outdoor",
                  "name": "adventureeoutdoor",
                },
                Object {
                  "label": "Reizen Buitenland",
                  "name": "reizenbuitenland",
                },
              ],
              "title": "Incentives",
            },
          ]
        }
        range={0}
        rangeMax={100}
        rangeOnChange={[Function]}
        searchPlaceholder="Plaats, regio of provincie"
        stateCheckboxes={Object {}}
      />
    </div>
  </div>
</div>
`;
