// Jest Snapshot v1, https://goo.gl/fbAQLP

exports[`[PlaygroundPedroComponent] should render without crashing 1`] = `
<div
  className="main"
>
  <div
    className="uk-grid"
  >
    <div
      className="uk-width-1-4@m"
      style={
        Object {
          "background": "white",
          "padding": 24,
        }
      }
    >
      <OverviewFilterComponent
        clearFilter={[Function]}
        currentFilter={
          Object {
            "checkedItems": Array [],
            "filterText": "",
            "range": 0,
          }
        }
        filterItems={
          Array [
            Object {
              "checkboxes": Array [
                Object {
                  "label": "Citygames",
                  "name": "citygames",
                },
                Object {
                  "label": "Beachgames",
                  "name": "Beachgames",
                },
                Object {
                  "label": "Indoor Spel en Ontspanning",
                  "name": "IndoorSpelenOntspanning",
                },
                Object {
                  "label": "Outdoor Spel en Ontspanning",
                  "name": "Outdoor Spel en Ontspanning",
                },
              ],
              "title": "Spen & Ontspanning",
            },
            Object {
              "checkboxes": Array [
                Object {
                  "label": "Fun op Wielen",
                  "name": "Funopwielen",
                },
                Object {
                  "label": "Outdoor Lucht",
                  "name": "Outdoor Lucht",
                },
                Object {
                  "label": "Outdoor Water",
                  "name": "outdoorwater",
                },
                Object {
                  "label": "Indoor Sport en Actie",
                  "name": "indorsportenactie",
                },
              ],
              "title": "Sportief & Actie(f)",
            },
            Object {
              "checkboxes": Array [
                Object {
                  "label": "Creatief",
                  "name": "creatief",
                },
                Object {
                  "label": "Theater",
                  "name": "theater",
                },
                Object {
                  "label": "Muziek en Daans",
                  "name": "muziekendaans",
                },
              ],
              "title": "Creatieve Uitjes",
            },
            Object {
              "checkboxes": Array [
                Object {
                  "label": "Kookworkshops",
                  "name": "kookworkshops",
                },
                Object {
                  "label": "Kunst en Cultuur",
                  "name": "kunstencultuur",
                },
                Object {
                  "label": "Body en Spirit",
                  "name": "bodyenspirit",
                },
              ],
              "title": "Workshops",
            },
            Object {
              "checkboxes": Array [
                Object {
                  "label": "Eten en drinken",
                  "name": "etenendrinken",
                },
                Object {
                  "label": "Themafeesten",
                  "name": "Themafeesten",
                },
                Object {
                  "label": "Totaalprogramma",
                  "name": "totaalprogramma",
                },
                Object {
                  "label": "Attracties en Entertainment",
                  "name": "Attractiesenentertainment",
                },
              ],
              "title": "Eten, Drinken & Feesten",
            },
            Object {
              "checkboxes": Array [
                Object {
                  "label": "Teamtraining",
                  "name": "Teamtraining",
                },
                Object {
                  "label": "Teambuilding",
                  "name": "Teambuilding",
                },
                Object {
                  "label": "Uit Vergaderen",
                  "name": "Uit Vergaderen",
                },
              ],
              "title": "Teambuilden",
            },
            Object {
              "checkboxes": Array [
                Object {
                  "label": "Wintersport",
                  "name": "wintersport",
                },
                Object {
                  "label": "Stedentrips",
                  "name": "stedentrips",
                },
                Object {
                  "label": "Adventure & Outdoor",
                  "name": "adventureeoutdoor",
                },
                Object {
                  "label": "Reizen Buitenland",
                  "name": "reizenbuitenland",
                },
              ],
              "title": "Incentives",
            },
          ]
        }
        filterText=""
        onFilterChange={[Function]}
        range={0}
        rangeMax={100}
        searchPlaceholder="Plaats, regio of provincie"
      />
    </div>
  </div>
</div>
`;
