// Jest Snapshot v1, https://goo.gl/fbAQLP

exports[`[NavBar] should render component without crashing 1`] = `
<div
  className="nav-bar"
>
  <div
    className="uk-container"
  >
    <div
      className="nav-bar__holder"
    >
      <div>
        <LogoComponent
          logo="WMDB.svg"
        />
      </div>
      <div>
        <ul
          className="nav-bar__links uk-visible@m"
        >
          <li
            key="0"
          >
            <LinkComponent
              to="/info-page"
            >
              Helpdesk
            </LinkComponent>
          </li>
          <li
            key="1"
          >
            <LinkComponent
              to="/info-page"
            >
              Nieuwsbrief
            </LinkComponent>
          </li>
          <li
            key="2"
          >
            <LinkComponent
              to="/overzicht"
            >
              Mijn uitjes
            </LinkComponent>
          </li>
        </ul>
        <NavBarModalComponent
          close="Sluiten"
          icon="icons-menu.svg"
          iconSize="22px"
          title="Menu"
        >
          <HamburgerMenuComponent
            menuItems={
              Array [
                Object {
                  "title": "Helpdesk",
                  "url": "/info-page",
                },
                Object {
                  "title": "Nieuwsbrief",
                  "url": "/info-page",
                },
                Object {
                  "title": "Mijn uitjes",
                  "url": "/overzicht",
                },
              ]
            }
          />
        </NavBarModalComponent>
      </div>
    </div>
  </div>
</div>
`;
