// Jest Snapshot v1, https://goo.gl/fbAQLP

exports[`[HeaderGallery] should render component without crashing 1`] = `
<div
  className="header-gallery"
>
  <div
    className="uk-container"
  >
    <Breadcrumb
      breadcrumbs={
        Array [
          Object {
            "title": "Home",
            "url": "/",
          },
          Object {
            "title": "Citygames in Amsterdam",
            "url": "/overzicht",
          },
          Object {
            "title": "Wie is de mol?",
            "url": "",
          },
        ]
      }
    />
    <div
      className="header-gallery__container"
    >
      <div
        className="header-gallery__col large"
      >
        <div
          className="header-gallery__slider_images"
        >
          <AliceCarousel
            autoHeight={false}
            autoPlay={false}
            autoPlayDirection="ltr"
            autoPlayInterval={250}
            buttonsDisabled={true}
            disableAutoPlayOnAction={false}
            dotsDisabled={true}
            duration={250}
            fadeOutAnimation={false}
            infinite={true}
            items={
              Array [
                <div
                  className="gallery-images-item"
                  onClick={[Function]}
                  role="button"
                >
                  <ImageComponent
                    src="img-1.jpg"
                  />
                </div>,
                <div
                  className="gallery-images-item"
                  onClick={[Function]}
                  role="button"
                >
                  <ImageComponent
                    src="img-2.png"
                  />
                </div>,
                <div
                  className="gallery-images-item"
                  onClick={[Function]}
                  role="button"
                >
                  <ImageComponent
                    src="img-3.png"
                  />
                </div>,
                <div
                  className="gallery-images-item"
                  onClick={[Function]}
                  role="button"
                >
                  <ImageComponent
                    src="img-4.png"
                  />
                </div>,
                <div
                  className="gallery-images-item"
                  onClick={[Function]}
                  role="button"
                >
                  <ImageComponent
                    src="img-5.png"
                  />
                </div>,
                <div
                  className="gallery-images-item"
                  onClick={[Function]}
                  role="button"
                >
                  <ImageComponent
                    src="img-6.png"
                  />
                </div>,
                <div
                  className="gallery-images-item"
                  onClick={[Function]}
                  role="button"
                >
                  <ReactPlayer
                    config={
                      Object {
                        "dailymotion": Object {
                          "params": Object {
                            "api": 1,
                            "endscreen-enable": false,
                          },
                          "preload": false,
                        },
                        "facebook": Object {
                          "appId": "1309697205772819",
                          "version": "v3.3",
                        },
                        "file": Object {
                          "attributes": Object {},
                          "dashVersion": "2.9.2",
                          "forceAudio": false,
                          "forceDASH": false,
                          "forceHLS": false,
                          "forceVideo": false,
                          "hlsOptions": Object {},
                          "hlsVersion": "0.10.1",
                          "tracks": Array [],
                        },
                        "mixcloud": Object {
                          "options": Object {
                            "hide_cover": 1,
                          },
                        },
                        "soundcloud": Object {
                          "options": Object {
                            "buying": false,
                            "download": false,
                            "liking": false,
                            "sharing": false,
                            "show_comments": false,
                            "show_playcount": false,
                            "visual": true,
                          },
                        },
                        "twitch": Object {
                          "options": Object {},
                        },
                        "vimeo": Object {
                          "playerOptions": Object {
                            "autopause": false,
                            "byline": false,
                            "portrait": false,
                            "title": false,
                          },
                          "preload": false,
                        },
                        "wistia": Object {
                          "options": Object {},
                        },
                        "youtube": Object {
                          "embedOptions": Object {},
                          "playerVars": Object {
                            "iv_load_policy": 3,
                            "modestbranding": 1,
                            "playsinline": 1,
                            "rel": 0,
                            "showinfo": 0,
                          },
                          "preload": false,
                        },
                      }
                    }
                    controls={true}
                    height=" 236px"
                    light={false}
                    loop={false}
                    muted={false}
                    onBuffer={[Function]}
                    onBufferEnd={[Function]}
                    onDisablePIP={[Function]}
                    onDuration={[Function]}
                    onEnablePIP={[Function]}
                    onEnded={[Function]}
                    onError={[Function]}
                    onPause={[Function]}
                    onPlay={[Function]}
                    onProgress={[Function]}
                    onReady={[Function]}
                    onSeek={[Function]}
                    onStart={[Function]}
                    pip={false}
                    playbackRate={1}
                    playing={false}
                    playsinline={false}
                    progressInterval={1000}
                    style={
                      Object {
                        "pointerEvents": "none",
                      }
                    }
                    url="https://www.youtube.com/watch?v=FKkhLWjN_I4"
                    volume={null}
                    width="100%"
                    wrapper="div"
                  />
                </div>,
                <div
                  className="gallery-images-item"
                  onClick={[Function]}
                  role="button"
                >
                  <ReactPlayer
                    config={
                      Object {
                        "dailymotion": Object {
                          "params": Object {
                            "api": 1,
                            "endscreen-enable": false,
                          },
                          "preload": false,
                        },
                        "facebook": Object {
                          "appId": "1309697205772819",
                          "version": "v3.3",
                        },
                        "file": Object {
                          "attributes": Object {},
                          "dashVersion": "2.9.2",
                          "forceAudio": false,
                          "forceDASH": false,
                          "forceHLS": false,
                          "forceVideo": false,
                          "hlsOptions": Object {},
                          "hlsVersion": "0.10.1",
                          "tracks": Array [],
                        },
                        "mixcloud": Object {
                          "options": Object {
                            "hide_cover": 1,
                          },
                        },
                        "soundcloud": Object {
                          "options": Object {
                            "buying": false,
                            "download": false,
                            "liking": false,
                            "sharing": false,
                            "show_comments": false,
                            "show_playcount": false,
                            "visual": true,
                          },
                        },
                        "twitch": Object {
                          "options": Object {},
                        },
                        "vimeo": Object {
                          "playerOptions": Object {
                            "autopause": false,
                            "byline": false,
                            "portrait": false,
                            "title": false,
                          },
                          "preload": false,
                        },
                        "wistia": Object {
                          "options": Object {},
                        },
                        "youtube": Object {
                          "embedOptions": Object {},
                          "playerVars": Object {
                            "iv_load_policy": 3,
                            "modestbranding": 1,
                            "playsinline": 1,
                            "rel": 0,
                            "showinfo": 0,
                          },
                          "preload": false,
                        },
                      }
                    }
                    controls={true}
                    height=" 236px"
                    light={false}
                    loop={false}
                    muted={false}
                    onBuffer={[Function]}
                    onBufferEnd={[Function]}
                    onDisablePIP={[Function]}
                    onDuration={[Function]}
                    onEnablePIP={[Function]}
                    onEnded={[Function]}
                    onError={[Function]}
                    onPause={[Function]}
                    onPlay={[Function]}
                    onProgress={[Function]}
                    onReady={[Function]}
                    onSeek={[Function]}
                    onStart={[Function]}
                    pip={false}
                    playbackRate={1}
                    playing={false}
                    playsinline={false}
                    progressInterval={1000}
                    style={
                      Object {
                        "pointerEvents": "none",
                      }
                    }
                    url="https://www.youtube.com/watch?v=7gphiFVVtUI"
                    volume={null}
                    width="100%"
                    wrapper="div"
                  />
                </div>,
              ]
            }
            keysControlDisabled={false}
            mouseDragEnabled={false}
            onSlideChanged={[Function]}
            playButtonEnabled={false}
            preventEventOnTouchMove={false}
            responsive={
              Object {
                "desktop": Object {
                  "breakpoint": Object {
                    "max": 3000,
                    "min": 1024,
                  },
                  "items": 1,
                },
              }
            }
            showSlideInfo={false}
            slideToIndex={0}
            stagePadding={Object {}}
            startIndex={0}
            stopAutoPlayOnHover={true}
            swipeDisabled={false}
          />
          <div
            className="header-gallery__dots"
          />
          <div
            className=" header-gallery__slider_arrows uk-visible@s"
          >
            <div
              className="header-gallery__slider_arrows_prev"
              onClick={[Function]}
              role="button"
            >
              <IconComponent
                fillColor="white"
                icon={
                  Object {
                    "ReactComponent": [Function],
                    "__esModule": true,
                    "default": "chevron-left.svg",
                  }
                }
                size="8px"
              />
            </div>
            <div
              className="header-gallery__slider_arrows_next"
              onClick={[Function]}
              role="button"
            >
              <IconComponent
                fillColor="white"
                icon={
                  Object {
                    "ReactComponent": [Function],
                    "__esModule": true,
                    "default": "chevron-right.svg",
                  }
                }
                size="8px"
              />
            </div>
          </div>
        </div>
        <div
          className="header-gallery__info uk-visible@s"
        >
          <div
            className="slider-info"
          >
            <div
              className="photo"
              onClick={[Function]}
              role="button"
              style={
                Object {
                  "color": "#34aadf",
                  "cursor": "pointer",
                }
              }
            >
              <IconComponent
                fillColor="#34aadf"
                icon="images.svg"
                size="15px"
              />
              Foto’s (
              1
              /
              8
              )
            </div>
            <div
              className="uk-visible@s"
              onClick={[Function]}
              role="button"
              style={
                Object {
                  "color": "black",
                  "cursor": "pointer",
                }
              }
            >
              <IconComponent
                fillColor="black"
                icon="play.svg"
                size="12px"
              />
              Video
            </div>
          </div>
        </div>
      </div>
      <div
        className=" header-gallery__col small uk-visible@l "
      >
        <div
          className=" uk-grid uk-grid-small data-uk-margin "
        >
          <div
            className=" header-gallery__col-card uk-width-1-1"
            onClick={[Function]}
            role="button"
            style={
              Object {
                "cursor": "pointer",
              }
            }
          >
            <ImageComponent
              src="img-2.png"
            />
          </div>
          <div
            className=" header-gallery__col-cards uk-width-1-2@s"
            key="0"
            onClick={[Function]}
            role="button"
            style={
              Object {
                "cursor": "pointer",
              }
            }
          >
            <ImageComponent
              src="img-3.png"
            />
          </div>
          <div
            className=" header-gallery__col-cards uk-width-1-2@s"
            key="1"
            onClick={[Function]}
            role="button"
            style={
              Object {
                "cursor": "pointer",
              }
            }
          >
            <ImageComponent
              src="img-4.png"
            />
          </div>
          <div
            className=" header-gallery__col-cards uk-width-1-2@s"
            key="2"
            onClick={[Function]}
            role="button"
            style={
              Object {
                "cursor": "pointer",
              }
            }
          >
            <ImageComponent
              src="img-5.png"
            />
          </div>
          <div
            className=" header-gallery__col-cards uk-width-1-2@s"
            key="3"
            onClick={[Function]}
            role="button"
            style={
              Object {
                "cursor": "pointer",
              }
            }
          >
            <ImageComponent
              src="img-6.png"
            />
          </div>
          <div
            className=" header-gallery__col-cards uk-width-1-2@s"
            key="4"
            onClick={[Function]}
            role="button"
            style={
              Object {
                "cursor": "pointer",
              }
            }
          >
            <ReactPlayer
              config={
                Object {
                  "dailymotion": Object {
                    "params": Object {
                      "api": 1,
                      "endscreen-enable": false,
                    },
                    "preload": false,
                  },
                  "facebook": Object {
                    "appId": "1309697205772819",
                    "version": "v3.3",
                  },
                  "file": Object {
                    "attributes": Object {},
                    "dashVersion": "2.9.2",
                    "forceAudio": false,
                    "forceDASH": false,
                    "forceHLS": false,
                    "forceVideo": false,
                    "hlsOptions": Object {},
                    "hlsVersion": "0.10.1",
                    "tracks": Array [],
                  },
                  "mixcloud": Object {
                    "options": Object {
                      "hide_cover": 1,
                    },
                  },
                  "soundcloud": Object {
                    "options": Object {
                      "buying": false,
                      "download": false,
                      "liking": false,
                      "sharing": false,
                      "show_comments": false,
                      "show_playcount": false,
                      "visual": true,
                    },
                  },
                  "twitch": Object {
                    "options": Object {},
                  },
                  "vimeo": Object {
                    "playerOptions": Object {
                      "autopause": false,
                      "byline": false,
                      "portrait": false,
                      "title": false,
                    },
                    "preload": false,
                  },
                  "wistia": Object {
                    "options": Object {},
                  },
                  "youtube": Object {
                    "embedOptions": Object {},
                    "playerVars": Object {
                      "iv_load_policy": 3,
                      "modestbranding": 1,
                      "playsinline": 1,
                      "rel": 0,
                      "showinfo": 0,
                    },
                    "preload": false,
                  },
                }
              }
              controls={true}
              height="116px"
              light={true}
              loop={false}
              muted={false}
              onBuffer={[Function]}
              onBufferEnd={[Function]}
              onDisablePIP={[Function]}
              onDuration={[Function]}
              onEnablePIP={[Function]}
              onEnded={[Function]}
              onError={[Function]}
              onPause={[Function]}
              onPlay={[Function]}
              onProgress={[Function]}
              onReady={[Function]}
              onSeek={[Function]}
              onStart={[Function]}
              pip={false}
              playbackRate={1}
              playing={false}
              playsinline={false}
              progressInterval={1000}
              style={
                Object {
                  "pointerEvents": "none",
                }
              }
              url="https://www.youtube.com/watch?v=FKkhLWjN_I4"
              volume={null}
              width="100%"
              wrapper="div"
            />
          </div>
          <div
            className=" header-gallery__col-cards uk-width-1-2@s"
            key="5"
            onClick={[Function]}
            role="button"
            style={
              Object {
                "cursor": "pointer",
              }
            }
          >
            <ReactPlayer
              config={
                Object {
                  "dailymotion": Object {
                    "params": Object {
                      "api": 1,
                      "endscreen-enable": false,
                    },
                    "preload": false,
                  },
                  "facebook": Object {
                    "appId": "1309697205772819",
                    "version": "v3.3",
                  },
                  "file": Object {
                    "attributes": Object {},
                    "dashVersion": "2.9.2",
                    "forceAudio": false,
                    "forceDASH": false,
                    "forceHLS": false,
                    "forceVideo": false,
                    "hlsOptions": Object {},
                    "hlsVersion": "0.10.1",
                    "tracks": Array [],
                  },
                  "mixcloud": Object {
                    "options": Object {
                      "hide_cover": 1,
                    },
                  },
                  "soundcloud": Object {
                    "options": Object {
                      "buying": false,
                      "download": false,
                      "liking": false,
                      "sharing": false,
                      "show_comments": false,
                      "show_playcount": false,
                      "visual": true,
                    },
                  },
                  "twitch": Object {
                    "options": Object {},
                  },
                  "vimeo": Object {
                    "playerOptions": Object {
                      "autopause": false,
                      "byline": false,
                      "portrait": false,
                      "title": false,
                    },
                    "preload": false,
                  },
                  "wistia": Object {
                    "options": Object {},
                  },
                  "youtube": Object {
                    "embedOptions": Object {},
                    "playerVars": Object {
                      "iv_load_policy": 3,
                      "modestbranding": 1,
                      "playsinline": 1,
                      "rel": 0,
                      "showinfo": 0,
                    },
                    "preload": false,
                  },
                }
              }
              controls={true}
              height="116px"
              light={true}
              loop={false}
              muted={false}
              onBuffer={[Function]}
              onBufferEnd={[Function]}
              onDisablePIP={[Function]}
              onDuration={[Function]}
              onEnablePIP={[Function]}
              onEnded={[Function]}
              onError={[Function]}
              onPause={[Function]}
              onPlay={[Function]}
              onProgress={[Function]}
              onReady={[Function]}
              onSeek={[Function]}
              onStart={[Function]}
              pip={false}
              playbackRate={1}
              playing={false}
              playsinline={false}
              progressInterval={1000}
              style={
                Object {
                  "pointerEvents": "none",
                }
              }
              url="https://www.youtube.com/watch?v=7gphiFVVtUI"
              volume={null}
              width="100%"
              wrapper="div"
            />
          </div>
        </div>
      </div>
    </div>
  </div>
</div>
`;
